// Jest Snapshot v1, https://goo.gl/fbAQLP

exports[`List styled components ListContainer styled component should render with styles 1`] = `
.c0 {
  width: 100%;
}

<ul
  className="c0"
/>
`;
